../Core/Src/my_fsm.c:14:9:cal	16	static
../Core/Src/my_fsm.c:38:6:fsm_lock	8	static
../Core/Src/my_fsm.c:80:13:fsm_keypad	16	static
../Core/Src/my_fsm.c:208:13:switch_lock_to_unlock	8	static
../Core/Src/my_fsm.c:214:13:switch_lock_to_wrong	8	static
../Core/Src/my_fsm.c:220:13:switch_lock_to_password	8	static
../Core/Src/my_fsm.c:226:13:switch_lock_to_sleep	8	static
../Core/Src/my_fsm.c:231:13:reset_timer	4	static
../Core/Src/my_fsm.c:234:13:run_timer	32	static
../Core/Src/my_fsm.c:244:13:time_out	8	static
