../Core/Src/my_lcd.c:64:6:lcd_displayPW	32	static
../Core/Src/my_lcd.c:73:6:lcd_displaySuccess	8	static
../Core/Src/my_lcd.c:76:6:lcd_displayNormal	8	static
../Core/Src/my_lcd.c:79:6:lcd_displayPW_change	32	static
../Core/Src/my_lcd.c:89:6:LCD_Init	8	static
../Core/Src/my_lcd.c:134:6:LCD_Clear	8	static
../Core/Src/my_lcd.c:139:6:LCD_Home	8	static
../Core/Src/my_lcd.c:144:6:LCD_SetCursor	40	static
../Core/Src/my_lcd.c:152:6:LCD_Display	8	static
../Core/Src/my_lcd.c:157:6:LCD_display	16	static
../Core/Src/my_lcd.c:167:6:SendCommand	16	static
../Core/Src/my_lcd.c:171:6:SendChar	16	static
../Core/Src/my_lcd.c:175:6:Send	24	static
../Core/Src/my_lcd.c:182:6:Write4Bits	16	static
../Core/Src/my_lcd.c:187:6:ExpanderWrite	32	static
../Core/Src/my_lcd.c:192:6:PulseEnable	16	static
../Core/Src/my_lcd.c:200:6:DelayInit	4	static,ignoring_inline_asm
../Core/Src/my_lcd.c:215:6:DelayUS	32	static
