../Core/Src/my_lcd.c:65:6:LCD_Init	8	static
../Core/Src/my_lcd.c:110:6:LCD_Clear	8	static
../Core/Src/my_lcd.c:115:6:LCD_Home	8	static
../Core/Src/my_lcd.c:120:6:LCD_SetCursor	40	static
../Core/Src/my_lcd.c:128:6:LCD_Display	8	static
../Core/Src/my_lcd.c:133:6:LCD_display	24	static
../Core/Src/my_lcd.c:169:7:SendCommand	16	static
../Core/Src/my_lcd.c:173:7:SendChar	16	static
../Core/Src/my_lcd.c:177:7:Send	24	static
../Core/Src/my_lcd.c:184:7:Write4Bits	16	static
../Core/Src/my_lcd.c:189:7:ExpanderWrite	32	static
../Core/Src/my_lcd.c:194:7:PulseEnable	16	static
../Core/Src/my_lcd.c:202:7:DelayInit	4	static,ignoring_inline_asm
../Core/Src/my_lcd.c:217:7:DelayUS	32	static
