../Core/Src/main.c:78:5:main	8	static
../Core/Src/main.c:130:6:SystemClock_Config	72	static
../Core/Src/main.c:170:13:MX_I2C1_Init	8	static
../Core/Src/main.c:204:13:MX_TIM1_Init	32	static
../Core/Src/main.c:257:13:MX_TIM2_Init	32	static
../Core/Src/main.c:302:13:MX_USART1_UART_Init	8	static
../Core/Src/main.c:335:13:MX_USART2_UART_Init	8	static
../Core/Src/main.c:368:13:MX_USART3_UART_Init	8	static
../Core/Src/main.c:401:13:MX_GPIO_Init	40	static
../Core/Src/main.c:467:6:Error_Handler	4	static,ignoring_inline_asm
