../Core/Src/my_esp32.c:16:6:esp32_init	8	static
../Core/Src/my_esp32.c:21:6:esp32_receive_data	16	static
../Core/Src/my_esp32.c:36:6:esp32_get_flag	4	static
../Core/Src/my_esp32.c:39:6:esp32_reset_flag	4	static
../Core/Src/my_esp32.c:42:6:esp32_send_lock	40	static
../Core/Src/my_esp32.c:53:6:esp32_led_on	24	static
../Core/Src/my_esp32.c:58:6:esp32_led_off	24	static
../Core/Src/my_esp32.c:63:6:esp32_send_people	32	static
../Core/Src/my_esp32.c:68:6:esp32_send_fingerID	32	static
../Core/Src/my_esp32.c:73:6:esp32_send_sleep	32	static
