../Core/Src/my_esp32.c:16:6:esp32_init	8	static
../Core/Src/my_esp32.c:20:6:esp32_receive_data	16	static
../Core/Src/my_esp32.c:29:6:esp32_get_flag	4	static
../Core/Src/my_esp32.c:32:6:esp32_reset_flag	4	static
../Core/Src/my_esp32.c:35:6:esp32_send_lock	40	static
../Core/Src/my_esp32.c:46:6:esp32_led_on	24	static
../Core/Src/my_esp32.c:51:6:esp32_led_off	24	static
../Core/Src/my_esp32.c:56:6:esp32_send_people	32	static
../Core/Src/my_esp32.c:61:6:esp32_send_fingerID	32	static
../Core/Src/my_esp32.c:66:6:esp32_send_sleep	32	static
