../Core/Src/my_fsm.c:23:9:cal	16	static
../Core/Src/my_fsm.c:56:6:fsm_lock	8	static
../Core/Src/my_fsm.c:125:13:fsm_button	8	static
../Core/Src/my_fsm.c:157:13:fsm_keypad	16	static
../Core/Src/my_fsm.c:314:13:switch_lock_to_unlock	8	static
../Core/Src/my_fsm.c:321:13:switch_lock_to_wrong	8	static
../Core/Src/my_fsm.c:327:13:switch_lock_to_password	8	static
../Core/Src/my_fsm.c:333:13:switch_lock_to_sleep	8	static
../Core/Src/my_fsm.c:339:13:reset_timer	4	static
../Core/Src/my_fsm.c:342:13:run_timer	32	static
../Core/Src/my_fsm.c:352:13:subfun_run_timer_sleep	4	static
../Core/Src/my_fsm.c:355:13:run_timer_sleep	8	static
../Core/Src/my_fsm.c:359:13:rm_timer_sleep	8	static
../Core/Src/my_fsm.c:363:13:check_esp32	8	static
../Core/Src/my_fsm.c:371:13:led_alarm	8	static
../Core/Src/my_fsm.c:375:13:time_out	8	static
