../Core/Src/my_fingerprintAS608.c:55:6:fp_init	8	static
../Core/Src/my_fingerprintAS608.c:59:10:fg_get_id	4	static
../Core/Src/my_fingerprintAS608.c:62:6:fp_search	8	static
../Core/Src/my_fingerprintAS608.c:72:6:fp_enroll	8	static
../Core/Src/my_fingerprintAS608.c:82:6:fp_run_timer	4	static
../Core/Src/my_fingerprintAS608.c:87:13:search_finger	16	static
../Core/Src/my_fingerprintAS608.c:99:13:store_finger	16	static
../Core/Src/my_fingerprintAS608.c:109:13:fp_reset_timer	4	static
../Core/Src/my_fingerprintAS608.c:112:13:merge_finger	8	static
../Core/Src/my_fingerprintAS608.c:120:13:get_finger	24	static
../Core/Src/my_fingerprintAS608.c:138:13:check_respone_search	24	static
../Core/Src/my_fingerprintAS608.c:163:13:check_respone	24	static
../Core/Src/my_fingerprintAS608.c:185:13:build_ins	32	static
../Core/Src/my_fingerprintAS608.c:201:13:send_ins	16	static
../Core/Src/my_fingerprintAS608.c:207:6:fp_receive_data	24	static
