../Core/Src/my_fsm.c:23:9:cal	16	static
../Core/Src/my_fsm.c:55:6:fsm_lock	8	static
../Core/Src/my_fsm.c:122:13:fsm_button	8	static
../Core/Src/my_fsm.c:154:13:fsm_keypad	16	static
../Core/Src/my_fsm.c:311:13:switch_lock_to_unlock	8	static
../Core/Src/my_fsm.c:318:13:switch_lock_to_wrong	8	static
../Core/Src/my_fsm.c:324:13:switch_lock_to_password	8	static
../Core/Src/my_fsm.c:330:13:switch_lock_to_sleep	8	static
../Core/Src/my_fsm.c:336:13:reset_timer	4	static
../Core/Src/my_fsm.c:339:13:run_timer	32	static
../Core/Src/my_fsm.c:349:13:subfun_run_timer_sleep	4	static
../Core/Src/my_fsm.c:352:13:run_timer_sleep	8	static
../Core/Src/my_fsm.c:356:13:rm_timer_sleep	8	static
../Core/Src/my_fsm.c:360:13:check_esp32	8	static
../Core/Src/my_fsm.c:368:13:time_out	8	static
