../Core/Src/my_fingerprintAS608.c:55:6:fp_init	8	static
../Core/Src/my_fingerprintAS608.c:59:6:fp_search	8	static
../Core/Src/my_fingerprintAS608.c:69:6:fp_enroll	8	static
../Core/Src/my_fingerprintAS608.c:79:6:fp_run_timer	4	static
../Core/Src/my_fingerprintAS608.c:84:13:search_finger	16	static
../Core/Src/my_fingerprintAS608.c:96:13:store_finger	16	static
../Core/Src/my_fingerprintAS608.c:106:13:fp_reset_timer	4	static
../Core/Src/my_fingerprintAS608.c:109:13:merge_finger	8	static
../Core/Src/my_fingerprintAS608.c:117:13:get_finger	24	static
../Core/Src/my_fingerprintAS608.c:135:13:check_respone_search	24	static
../Core/Src/my_fingerprintAS608.c:160:13:check_respone	24	static
../Core/Src/my_fingerprintAS608.c:182:13:build_ins	32	static
../Core/Src/my_fingerprintAS608.c:198:13:send_ins	16	static
../Core/Src/my_fingerprintAS608.c:204:6:fp_receive_data	24	static
