../Core/Src/my_lcd.c:61:6:lcd_displayPW	32	static
../Core/Src/my_lcd.c:70:6:lcd_displaySuccess	8	static
../Core/Src/my_lcd.c:73:6:lcd_displayNormal	8	static
../Core/Src/my_lcd.c:76:6:lcd_displayPW_change	32	static
../Core/Src/my_lcd.c:86:6:LCD_Init	8	static
../Core/Src/my_lcd.c:131:6:LCD_Clear	8	static
../Core/Src/my_lcd.c:136:6:LCD_Home	8	static
../Core/Src/my_lcd.c:141:6:LCD_SetCursor	40	static
../Core/Src/my_lcd.c:149:6:LCD_Display	8	static
../Core/Src/my_lcd.c:154:6:LCD_display	16	static
../Core/Src/my_lcd.c:164:6:SendCommand	16	static
../Core/Src/my_lcd.c:168:6:SendChar	16	static
../Core/Src/my_lcd.c:172:6:Send	24	static
../Core/Src/my_lcd.c:179:6:Write4Bits	16	static
../Core/Src/my_lcd.c:184:6:ExpanderWrite	32	static
../Core/Src/my_lcd.c:189:6:PulseEnable	16	static
../Core/Src/my_lcd.c:197:6:DelayInit	4	static,ignoring_inline_asm
../Core/Src/my_lcd.c:212:6:DelayUS	32	static
